[2026-08-07 06:33:17] ==================================================
[2026-08-07 06:33:17] PSG PTC ERP — SEEDER EXECUTION (Runbook v1.0.0)
[2026-08-07 06:33:17] ==================================================
[2026-08-07 06:33:17] MODE: DRY RUN ANALYSIS
[2026-08-07 06:33:17] Analyzing tables to be reset...
[2026-08-07 06:33:17]   - Table 'users': 137 existing records
[2026-08-07 06:33:17]   - Table 'student_details': 120 existing records
[2026-08-07 06:33:17]   - Table 'staff_details': 14 existing records
[2026-08-07 06:33:17]   - Table 'subjects': 30 existing records
[2026-08-07 06:33:17]   - Table 'student_marks': 2400 existing records
[2026-08-07 06:33:17]   - Table 'semester_marks': 2400 existing records
[2026-08-07 06:33:17]   - Table 'ca_marks': 0 existing records
[2026-08-07 06:33:17]   - Table 'staff_subject_allocation': 10 existing records
[2026-08-07 06:33:17]   - Table 'subject_teachers': 10 existing records
[2026-08-07 06:33:17]   - Table 'notifications': 4 existing records
[2026-08-07 06:33:17]   - Table 'student_achievements': 0 existing records
[2026-08-07 06:33:17]   - Table 'student_clubs': 0 existing records
[2026-08-07 06:33:17]   - Table 'student_entrepreneurship': 0 existing records
[2026-08-07 06:33:17]   - Table 'student_higher_studies': 0 existing records
[2026-08-07 06:33:17]   - Table 'student_internships': 0 existing records
[2026-08-07 06:33:17]   - Table 'student_leaves': 0 existing records
[2026-08-07 06:33:17]   - Table 'student_publications': 0 existing records
[2026-08-07 06:33:17]   - Table 'student_sports': 0 existing records
[2026-08-07 06:33:17]   - Table 'student_subjects': 0 existing records
[2026-08-07 06:33:17]   - Table 'batch_subjects': 0 existing records
[2026-08-07 06:33:17]   - Table 'academic_success_rate': 0 existing records
[2026-08-07 06:33:17]   - Table 'placement_statistics': 4 existing records
[2026-08-07 06:33:17]   - Table 'student_attendance': 0 existing records
[2026-08-07 06:33:17]   - Table 'student_projects': 0 existing records
[2026-08-07 06:33:17]   - Table 'student_patents': 0 existing records
[2026-08-07 06:33:17]   - Table 'curriculum_gap': 0 existing records
[2026-08-07 06:33:17]   - Table 'industry_interactions': 0 existing records
[2026-08-07 06:33:17]   - Table 'guest_lectures': 0 existing records
[2026-08-07 06:33:17]   - Table 'alumni_interactions': 0 existing records
[2026-08-07 06:33:17]   - Table 'feedback_analysis': 0 existing records
[2026-08-07 06:33:17]   - Table 'research_publications': 12 existing records
[2026-08-07 06:33:17]   - Table 'mou_master': 0 existing records
[2026-08-07 06:33:17]   - Table 'faculty_development_programs': 12 existing records
[2026-08-07 06:33:17] 
--- DRY RUN SUMMARY ---
[2026-08-07 06:33:17] Total existing records to be wiped: 5153
[2026-08-07 06:33:17] Target Departments: DI (Diploma Information Technology), AI (Artificial Intelligence)
[2026-08-07 06:33:17] Target Students to create: 120 (60 DI, 60 AI)
[2026-08-07 06:33:17] Target Staff/Admin accounts: 17
[2026-08-07 06:33:17] Target Subjects: Semesters 1-5 (Core DI & AI curriculum)
[2026-08-07 06:33:17] Target Historical Marks: Semesters 1-4 Complete, Semester 5 Open
[2026-08-07 06:33:17] Estimated Execution Time: ~3-5 seconds
[2026-08-07 06:33:17] No modifications made during dry run.

[2026-08-07 06:33:21] ==================================================
[2026-08-07 06:33:21] PSG PTC ERP — SEEDER EXECUTION (Runbook v1.0.0)
[2026-08-07 06:33:21] ==================================================
[2026-08-07 06:33:21] MODE: EXECUTING TRANSACTIONAL DATASET RESET & SEEDING
[2026-08-07 06:33:23] SUCCESS: All legacy academic & transactional data truncated and AUTO_INCREMENT reset.
[2026-08-07 06:33:23] Creating Administrative Accounts...
[2026-08-07 06:33:32] ==================================================
[2026-08-07 06:33:32] PSG PTC ERP — SEEDER EXECUTION (Runbook v1.0.0)
[2026-08-07 06:33:32] ==================================================
[2026-08-07 06:33:32] MODE: EXECUTING TRANSACTIONAL DATASET RESET & SEEDING
[2026-08-07 06:33:34] SUCCESS: All legacy academic & transactional data truncated and AUTO_INCREMENT reset.
[2026-08-07 06:33:34] Creating Administrative Accounts...
[2026-08-07 06:33:34] Creating HOD Accounts...
[2026-08-07 06:33:35] CRITICAL FAILURE: Transaction aborted and rolled back! Error: Unknown column 'id' in 'field list'
[2026-08-07 06:34:10] ==================================================
[2026-08-07 06:34:10] PSG PTC ERP — SEEDER EXECUTION (Runbook v1.0.0)
[2026-08-07 06:34:10] ==================================================
[2026-08-07 06:34:10] MODE: EXECUTING TRANSACTIONAL DATASET RESET & SEEDING
[2026-08-07 06:34:11] SUCCESS: All legacy academic & transactional data truncated and AUTO_INCREMENT reset.
[2026-08-07 06:34:11] Creating Administrative Accounts...
[2026-08-07 06:34:12] Creating HOD Accounts...
[2026-08-07 06:34:12] Creating Staff & Tutor Accounts...
[2026-08-07 06:34:14] Seeding Subjects for Semesters 1-5 (DI & AI)...
[2026-08-07 06:34:14] Seeding 120 Unique Students (60 DI + 60 AI)...
[2026-08-07 06:34:23] ==================================================
[2026-08-07 06:34:23] PSG PTC ERP — SEEDER EXECUTION (Runbook v1.0.0)
[2026-08-07 06:34:23] ==================================================
[2026-08-07 06:34:23] MODE: EXECUTING TRANSACTIONAL DATASET RESET & SEEDING
[2026-08-07 06:34:25] SUCCESS: All legacy academic & transactional data truncated and AUTO_INCREMENT reset.
[2026-08-07 06:34:25] Creating Administrative Accounts...
[2026-08-07 06:34:25] Creating HOD Accounts...
[2026-08-07 06:34:26] Creating Staff & Tutor Accounts...
[2026-08-07 06:34:28] Seeding Subjects for Semesters 1-5 (DI & AI)...
[2026-08-07 06:34:28] Seeding 120 Unique Students (60 DI + 60 AI)...
[2026-08-07 06:34:51] SUCCESS: 120 Students created with 100% unique profiles and user associations.
[2026-08-07 06:34:51] Generating Historical Academic Marks for Semesters 1-4...
[2026-08-07 06:35:02] ==================================================
[2026-08-07 06:35:02] PSG PTC ERP — SEEDER EXECUTION (Runbook v1.0.0)
[2026-08-07 06:35:02] ==================================================
[2026-08-07 06:35:02] MODE: EXECUTING TRANSACTIONAL DATASET RESET & SEEDING
[2026-08-07 06:35:03] SUCCESS: All legacy academic & transactional data truncated and AUTO_INCREMENT reset.
[2026-08-07 06:35:03] Creating Administrative Accounts...
[2026-08-07 06:35:03] Creating HOD Accounts...
[2026-08-07 06:35:04] Creating Staff & Tutor Accounts...
[2026-08-07 06:35:06] Seeding Subjects for Semesters 1-5 (DI & AI)...
[2026-08-07 06:35:06] Seeding 120 Unique Students (60 DI + 60 AI)...
[2026-08-07 06:35:28] SUCCESS: 120 Students created with 100% unique profiles and user associations.
[2026-08-07 06:35:28] Generating Historical Academic Marks for Semesters 1-4...
[2026-08-07 06:35:44] ==================================================
[2026-08-07 06:35:44] PSG PTC ERP — SEEDER EXECUTION (Runbook v1.0.0)
[2026-08-07 06:35:44] ==================================================
[2026-08-07 06:35:44] MODE: EXECUTING TRANSACTIONAL DATASET RESET & SEEDING
[2026-08-07 06:35:45] SUCCESS: All legacy academic & transactional data truncated and AUTO_INCREMENT reset.
[2026-08-07 06:35:45] Creating Administrative Accounts...
[2026-08-07 06:35:46] Creating HOD Accounts...
[2026-08-07 06:35:46] Creating Staff & Tutor Accounts...
[2026-08-07 06:35:48] Seeding Subjects for Semesters 1-5 (DI & AI)...
[2026-08-07 06:35:48] Seeding 120 Unique Students (60 DI + 60 AI)...
[2026-08-07 06:36:11] SUCCESS: 120 Students created with 100% unique profiles and user associations.
[2026-08-07 06:36:11] Generating Historical Academic Marks for Semesters 1-4...
[2026-08-07 06:36:46] ==================================================
[2026-08-07 06:36:46] PSG PTC ERP — SEEDER EXECUTION (Runbook v1.0.0)
[2026-08-07 06:36:46] ==================================================
[2026-08-07 06:36:46] MODE: EXECUTING TRANSACTIONAL DATASET RESET & SEEDING
[2026-08-07 06:36:48] SUCCESS: All legacy academic & transactional data truncated and AUTO_INCREMENT reset.
[2026-08-07 06:36:48] Creating Administrative Accounts...
[2026-08-07 06:36:48] Creating HOD Accounts...
[2026-08-07 06:36:48] Creating Staff & Tutor Accounts...
[2026-08-07 06:36:51] Seeding Subjects for Semesters 1-5 (DI & AI)...
[2026-08-07 06:36:51] Seeding 120 Unique Students (60 DI + 60 AI)...
[2026-08-07 06:37:14] SUCCESS: 120 Students created with 100% unique profiles and user associations.
[2026-08-07 06:37:14] Generating Historical Academic Marks for Semesters 1-4...
[2026-08-07 06:37:14] CRITICAL FAILURE: Transaction aborted and rolled back! Error: Duplicate entry '1-0-1' for key 'uq_student_subject_semester'
[2026-08-07 06:38:01] ==================================================
[2026-08-07 06:38:01] PSG PTC ERP — SEEDER EXECUTION (Runbook v1.0.0)
[2026-08-07 06:38:01] ==================================================
[2026-08-07 06:38:01] MODE: EXECUTING TRANSACTIONAL DATASET RESET & SEEDING
[2026-08-07 06:38:03] SUCCESS: All legacy academic & transactional data truncated and AUTO_INCREMENT reset.
[2026-08-07 06:38:03] Creating Administrative Accounts...
[2026-08-07 06:38:03] Creating HOD Accounts...
[2026-08-07 06:38:03] Creating Staff & Tutor Accounts...
[2026-08-07 06:38:05] Seeding Subjects for Semesters 1-5 (DI & AI)...
[2026-08-07 06:38:06] Seeding 120 Unique Students (60 DI + 60 AI)...
[2026-08-07 06:38:24] SUCCESS: 120 Students created with 100% unique profiles and user associations.
[2026-08-07 06:38:24] Generating Historical Academic Marks for Semesters 1-4...
[2026-08-07 06:38:35] SUCCESS: Semesters 1-4 historical marks generated. Semester 5 left active.
[2026-08-07 06:38:35] Generating Varied Attendance Records (72.0% - 99.5%)...
[2026-08-07 06:38:43] SUCCESS: Student attendance records seeded.
[2026-08-07 06:38:43] Populating all 20 IQAC & NBA Report Categories with Dynamic Normalized Data...
[2026-08-07 06:38:44] Seeding Placement Statistics & Company Statistics...
[2026-08-07 06:38:44] CRITICAL FAILURE: Transaction aborted and rolled back! Error: Unknown column 'mou_name' in 'field list'
[2026-08-07 06:45:11] ==================================================
[2026-08-07 06:45:11] PSG PTC ERP — SEEDER EXECUTION (Runbook v1.0.0)
[2026-08-07 06:45:11] ==================================================
[2026-08-07 06:45:11] MODE: EXECUTING TRANSACTIONAL DATASET RESET & SEEDING
[2026-08-07 06:45:12] SUCCESS: All legacy academic & transactional data truncated and AUTO_INCREMENT reset.
[2026-08-07 06:45:12] Creating Administrative Accounts...
[2026-08-07 06:45:12] Creating HOD Accounts...
[2026-08-07 06:45:12] Creating Staff & Tutor Accounts...
[2026-08-07 06:45:14] Seeding Subjects for Semesters 1-5 (DI & AI)...
[2026-08-07 06:45:14] Seeding 120 Unique Students (60 DI + 60 AI)...
[2026-08-07 06:45:24] SUCCESS: 120 Students created with 100% unique profiles and user associations.
[2026-08-07 06:45:24] Generating Historical Academic Marks for Semesters 1-4...
[2026-08-07 06:45:28] SUCCESS: Semesters 1-4 historical marks generated. Semester 5 left active.
[2026-08-07 06:45:28] Generating Varied Attendance Records (72.0% - 99.5%)...
[2026-08-07 06:45:31] SUCCESS: Student attendance records seeded.
[2026-08-07 06:45:31] Populating all 20 IQAC & NBA Report Categories with Dynamic Normalized Data...
[2026-08-07 06:45:32] Seeding Placement Statistics & Company Statistics...
[2026-08-07 06:45:32] SUCCESS: Full database transaction committed cleanly!
[2026-08-07 06:45:32] SUCCESS: Generated SEED_MANIFEST.json (v1.0.0)
[2026-08-25 09:09:31] ==================================================
[2026-08-25 09:09:31] PSG PTC ERP — SEEDER EXECUTION (Runbook v1.0.0)
[2026-08-25 09:09:31] ==================================================
[2026-08-25 09:09:31] MODE: EXECUTING TRANSACTIONAL DATASET RESET & SEEDING
[2026-08-25 09:09:32] SUCCESS: All legacy academic & transactional data truncated and AUTO_INCREMENT reset.
[2026-08-25 09:09:32] Creating Administrative Accounts...
[2026-08-25 09:09:32] Creating HOD Accounts...
[2026-08-25 09:09:32] Creating Staff & Tutor Accounts...
[2026-08-25 09:09:34] Seeding Subjects for Semesters 1-5 (DI & AI)...
[2026-08-25 09:09:34] Seeding 120 Unique Students (60 DI + 60 AI)...
[2026-08-25 09:09:43] SUCCESS: 120 Students created with 100% unique profiles and user associations.
[2026-08-25 09:09:43] Generating Historical Academic Marks for Semesters 1-4...
[2026-08-25 09:09:48] SUCCESS: Semesters 1-4 historical marks generated. Semester 5 left active.
[2026-08-25 09:09:48] Generating Varied Attendance Records (72.0% - 99.5%)...
[2026-08-25 09:09:51] SUCCESS: Student attendance records seeded.
[2026-08-25 09:09:51] Populating all 20 IQAC & NBA Report Categories with Dynamic Normalized Data...
[2026-08-25 09:09:51] Seeding Placement Statistics & Company Statistics...
[2026-08-25 09:09:51] Generating & Linking Sample Evidence Files (MoUs, Certificates, Publications, Workshops, Sports)...
[2026-08-25 09:09:52] SUCCESS: Full database transaction committed cleanly!
[2026-08-25 09:09:52] SUCCESS: Generated SEED_MANIFEST.json (v1.0.0)
[2026-08-25 09:58:29] ==================================================
[2026-08-25 09:58:29] PSG PTC ERP — SEEDER EXECUTION (Runbook v1.0.0)
[2026-08-25 09:58:29] ==================================================
[2026-08-25 09:58:29] MODE: EXECUTING TRANSACTIONAL DATASET RESET & SEEDING
[2026-08-25 09:58:29] SUCCESS: All legacy academic & transactional data truncated and AUTO_INCREMENT reset.
[2026-08-25 09:58:29] Creating Administrative Accounts...
[2026-08-25 09:58:30] Creating HOD Accounts...
[2026-08-25 09:58:30] Creating Staff & Tutor Accounts...
[2026-08-25 09:58:31] Seeding Subjects for Semesters 1-5 (DI & AI)...
[2026-08-25 09:58:31] Seeding 120 Unique Students (60 DI + 60 AI)...
[2026-08-25 09:58:44] SUCCESS: 120 Students created with 100% unique profiles and user associations.
[2026-08-25 09:58:44] Generating Historical Academic Marks for Semesters 1-4...
[2026-08-25 09:58:49] SUCCESS: Semesters 1-4 historical marks generated. Semester 5 left active.
[2026-08-25 09:58:49] Generating Varied Attendance Records (72.0% - 99.5%)...
[2026-08-25 09:58:52] SUCCESS: Student attendance records seeded.
[2026-08-25 09:58:52] Populating all 20 IQAC & NBA Report Categories with Dynamic Normalized Data...
[2026-08-25 09:58:53] Seeding Placement Statistics & Company Statistics...
[2026-08-25 09:58:53] Generating & Linking Sample Evidence Files (MoUs, Certificates, Publications, Workshops, Sports)...
[2026-08-25 09:58:54] SUCCESS: Full database transaction committed cleanly!
[2026-08-25 09:58:54] SUCCESS: Generated SEED_MANIFEST.json (v1.0.0)
[2026-08-25 10:02:51] ==================================================
[2026-08-25 10:02:51] PSG PTC ERP — SEEDER EXECUTION (Runbook v1.0.0)
[2026-08-25 10:02:51] ==================================================
[2026-08-25 10:02:51] MODE: EXECUTING TRANSACTIONAL DATASET RESET & SEEDING
[2026-08-25 10:02:52] SUCCESS: All legacy academic & transactional data truncated and AUTO_INCREMENT reset.
[2026-08-25 10:02:52] Creating Administrative Accounts...
[2026-08-25 10:02:52] Creating HOD Accounts...
[2026-08-25 10:02:52] Creating Staff & Tutor Accounts...
[2026-08-25 10:02:53] Seeding Subjects for Semesters 1-5 (DI & AI)...
[2026-08-25 10:02:53] Seeding 120 Unique Students (60 DI + 60 AI)...
[2026-08-25 10:03:02] SUCCESS: 120 Students created with 100% unique profiles and user associations.
[2026-08-25 10:03:02] Generating Historical Academic Marks for Semesters 1-4...
[2026-08-25 10:03:06] SUCCESS: Semesters 1-4 historical marks generated. Semester 5 left active.
[2026-08-25 10:03:06] Generating Varied Attendance Records (72.0% - 99.5%)...
[2026-08-25 10:03:09] SUCCESS: Student attendance records seeded.
[2026-08-25 10:03:09] Populating all 20 IQAC & NBA Report Categories with Dynamic Normalized Data...
[2026-08-25 10:03:10] Seeding Placement Statistics & Company Statistics...
[2026-08-25 10:03:10] Generating & Linking Sample Evidence Files (MoUs, Certificates, Publications, Workshops, Sports)...
[2026-08-25 10:03:12] SUCCESS: Full database transaction committed cleanly!
[2026-08-25 10:03:12] SUCCESS: Generated SEED_MANIFEST.json (v1.0.0)
